2026-06-28 20:09:33 [ERROR] Критическая ошибка:
Traceback (most recent call last):
  File "D:\Project_LM-client\Assistant.py", line 153, in on_send
    self._cleanup_thread()
    ~~~~~~~~~~~~~~~~~~~~^^
  File "D:\Project_LM-client\Assistant.py", line 111, in _cleanup_thread
    if self.thread.isRunning():
       ~~~~~~~~~~~~~~~~~~~~~^^
RuntimeError: libshiboken: Internal C++ object (PySide6.QtCore.QThread) already deleted.

2026-06-28 20:16:05 [ERROR] Критическая ошибка:
Traceback (most recent call last):
  File "D:\Project_LM-client\Assistant.py", line 153, in on_send
    self._cleanup_thread()
    ~~~~~~~~~~~~~~~~~~~~^^
  File "D:\Project_LM-client\Assistant.py", line 111, in _cleanup_thread
    if self.thread.isRunning():
       ~~~~~~~~~~~~~~~~~~~~~^^
RuntimeError: libshiboken: Internal C++ object (PySide6.QtCore.QThread) already deleted.

2026-06-28 20:18:14 [ERROR] Ошибка в LMWorker: KeyError: 'choices'
Traceback (most recent call last):
  File "D:\Project_LM-client\Assistant.py", line 76, in run
    text = response.json()["choices"][0]["message"]["content"]
           ~~~~~~~~~~~~~~~^^^^^^^^^^^
KeyError: 'choices'
2026-06-28 21:43:47 [ERROR] Неизвестная ошибка: AttributeError: 'NoneType' object has no attribute 'read'
Traceback (most recent call last):
  File "D:\Project_LM-client\Assistant.py", line 112, in run
    for line in self._response.iter_lines(decode_unicode=False):  # ← меняем на False
                ~~~~~~~~~~~~~~~~~~~~~~~~~^^^^^^^^^^^^^^^^^^^^^^
  File "D:\Project_LM-client\.venv\Lib\site-packages\requests\models.py", line 1008, in iter_lines
    for chunk in self.iter_content(
                 ~~~~~~~~~~~~~~~~~^
        chunk_size=chunk_size, decode_unicode=decode_unicode
        ^^^^^^^^^^^^^^^^^^^^^^^^^^^^^^^^^^^^^^^^^^^^^^^^^^^^
    ):
    ^
  File "D:\Project_LM-client\.venv\Lib\site-packages\requests\models.py", line 937, in generate
    yield from self.raw.stream(chunk_size, decode_content=True)
  File "D:\Project_LM-client\.venv\Lib\site-packages\urllib3\response.py", line 1260, in stream
    yield from self.read_chunked(amt, decode_content=decode_content)
  File "D:\Project_LM-client\.venv\Lib\site-packages\urllib3\response.py", line 1434, in read_chunked
    chunk = self._handle_chunk(amt)
  File "D:\Project_LM-client\.venv\Lib\site-packages\urllib3\response.py", line 1373, in _handle_chunk
    returned_chunk = self._fp._safe_read(self.chunk_left)  # type: ignore[union-attr]
  File "C:\Users\Андрюша\AppData\Local\Python\pythoncore-3.14-64\Lib\http\client.py", line 648, in _safe_read
    data = self.fp.read(cursize)
           ^^^^^^^^^^^^
AttributeError: 'NoneType' object has no attribute 'read'
2026-06-28 21:52:47 [ERROR] Неизвестная ошибка: AttributeError: 'NoneType' object has no attribute 'read'
Traceback (most recent call last):
  File "D:\Project_LM-client\Assistant.py", line 112, in run
    for line in self._response.iter_lines(decode_unicode=False):  # ← меняем на False
                ~~~~~~~~~~~~~~~~~~~~~~~~~^^^^^^^^^^^^^^^^^^^^^^
  File "D:\Project_LM-client\.venv\Lib\site-packages\requests\models.py", line 1008, in iter_lines
    for chunk in self.iter_content(
                 ~~~~~~~~~~~~~~~~~^
        chunk_size=chunk_size, decode_unicode=decode_unicode
        ^^^^^^^^^^^^^^^^^^^^^^^^^^^^^^^^^^^^^^^^^^^^^^^^^^^^
    ):
    ^
  File "D:\Project_LM-client\.venv\Lib\site-packages\requests\models.py", line 937, in generate
    yield from self.raw.stream(chunk_size, decode_content=True)
  File "D:\Project_LM-client\.venv\Lib\site-packages\urllib3\response.py", line 1260, in stream
    yield from self.read_chunked(amt, decode_content=decode_content)
  File "D:\Project_LM-client\.venv\Lib\site-packages\urllib3\response.py", line 1434, in read_chunked
    chunk = self._handle_chunk(amt)
  File "D:\Project_LM-client\.venv\Lib\site-packages\urllib3\response.py", line 1373, in _handle_chunk
    returned_chunk = self._fp._safe_read(self.chunk_left)  # type: ignore[union-attr]
  File "C:\Users\Андрюша\AppData\Local\Python\pythoncore-3.14-64\Lib\http\client.py", line 648, in _safe_read
    data = self.fp.read(cursize)
           ^^^^^^^^^^^^
AttributeError: 'NoneType' object has no attribute 'read'
2026-06-28 21:52:47 [ERROR] Критическая ошибка:
Traceback (most recent call last):
  File "D:\Project_LM-client\Assistant.py", line 241, in on_stop
    current_text = self.window.getLastMessage()
  File "D:\Project_LM-client\ui.py", line 568, in getLastMessage
    if self.chat_area.count() > 0:
       ^^^^^^^^^^^^^^
AttributeError: 'ChatUI' object has no attribute 'chat_area'

2026-06-28 21:55:39 [ERROR] Неизвестная ошибка: AttributeError: 'NoneType' object has no attribute 'read'
Traceback (most recent call last):
  File "D:\Project_LM-client\Assistant.py", line 112, in run
    for line in self._response.iter_lines(decode_unicode=False):  # ← меняем на False
                ~~~~~~~~~~~~~~~~~~~~~~~~~^^^^^^^^^^^^^^^^^^^^^^
  File "D:\Project_LM-client\.venv\Lib\site-packages\requests\models.py", line 1008, in iter_lines
    for chunk in self.iter_content(
                 ~~~~~~~~~~~~~~~~~^
        chunk_size=chunk_size, decode_unicode=decode_unicode
        ^^^^^^^^^^^^^^^^^^^^^^^^^^^^^^^^^^^^^^^^^^^^^^^^^^^^
    ):
    ^
  File "D:\Project_LM-client\.venv\Lib\site-packages\requests\models.py", line 937, in generate
    yield from self.raw.stream(chunk_size, decode_content=True)
  File "D:\Project_LM-client\.venv\Lib\site-packages\urllib3\response.py", line 1260, in stream
    yield from self.read_chunked(amt, decode_content=decode_content)
  File "D:\Project_LM-client\.venv\Lib\site-packages\urllib3\response.py", line 1434, in read_chunked
    chunk = self._handle_chunk(amt)
  File "D:\Project_LM-client\.venv\Lib\site-packages\urllib3\response.py", line 1373, in _handle_chunk
    returned_chunk = self._fp._safe_read(self.chunk_left)  # type: ignore[union-attr]
  File "C:\Users\Андрюша\AppData\Local\Python\pythoncore-3.14-64\Lib\http\client.py", line 648, in _safe_read
    data = self.fp.read(cursize)
           ^^^^^^^^^^^^
AttributeError: 'NoneType' object has no attribute 'read'
2026-06-28 21:55:39 [ERROR] Критическая ошибка:
Traceback (most recent call last):
  File "D:\Project_LM-client\Assistant.py", line 241, in on_stop
    current_text = self.window.getLastMessage()
  File "D:\Project_LM-client\ui.py", line 572, in getLastMessage
    return last_widget.text()
           ~~~~~~~~~~~~~~~~^^
TypeError: 'PySide6.QtWidgets.QTextBrowser' object is not callable

2026-06-28 21:56:24 [ERROR] Неизвестная ошибка: AttributeError: 'NoneType' object has no attribute 'read'
Traceback (most recent call last):
  File "D:\Project_LM-client\Assistant.py", line 112, in run
    for line in self._response.iter_lines(decode_unicode=False):  # ← меняем на False
                ~~~~~~~~~~~~~~~~~~~~~~~~~^^^^^^^^^^^^^^^^^^^^^^
  File "D:\Project_LM-client\.venv\Lib\site-packages\requests\models.py", line 1008, in iter_lines
    for chunk in self.iter_content(
                 ~~~~~~~~~~~~~~~~~^
        chunk_size=chunk_size, decode_unicode=decode_unicode
        ^^^^^^^^^^^^^^^^^^^^^^^^^^^^^^^^^^^^^^^^^^^^^^^^^^^^
    ):
    ^
  File "D:\Project_LM-client\.venv\Lib\site-packages\requests\models.py", line 937, in generate
    yield from self.raw.stream(chunk_size, decode_content=True)
  File "D:\Project_LM-client\.venv\Lib\site-packages\urllib3\response.py", line 1260, in stream
    yield from self.read_chunked(amt, decode_content=decode_content)
  File "D:\Project_LM-client\.venv\Lib\site-packages\urllib3\response.py", line 1434, in read_chunked
    chunk = self._handle_chunk(amt)
  File "D:\Project_LM-client\.venv\Lib\site-packages\urllib3\response.py", line 1373, in _handle_chunk
    returned_chunk = self._fp._safe_read(self.chunk_left)  # type: ignore[union-attr]
  File "C:\Users\Андрюша\AppData\Local\Python\pythoncore-3.14-64\Lib\http\client.py", line 648, in _safe_read
    data = self.fp.read(cursize)
           ^^^^^^^^^^^^
AttributeError: 'NoneType' object has no attribute 'read'
2026-06-28 21:57:49 [ERROR] Неизвестная ошибка: AttributeError: 'NoneType' object has no attribute 'read'
Traceback (most recent call last):
  File "D:\Project_LM-client\Assistant.py", line 112, in run
    for line in self._response.iter_lines(decode_unicode=False):  # ← меняем на False
                ~~~~~~~~~~~~~~~~~~~~~~~~~^^^^^^^^^^^^^^^^^^^^^^
  File "D:\Project_LM-client\.venv\Lib\site-packages\requests\models.py", line 1008, in iter_lines
    for chunk in self.iter_content(
                 ~~~~~~~~~~~~~~~~~^
        chunk_size=chunk_size, decode_unicode=decode_unicode
        ^^^^^^^^^^^^^^^^^^^^^^^^^^^^^^^^^^^^^^^^^^^^^^^^^^^^
    ):
    ^
  File "D:\Project_LM-client\.venv\Lib\site-packages\requests\models.py", line 937, in generate
    yield from self.raw.stream(chunk_size, decode_content=True)
  File "D:\Project_LM-client\.venv\Lib\site-packages\urllib3\response.py", line 1260, in stream
    yield from self.read_chunked(amt, decode_content=decode_content)
  File "D:\Project_LM-client\.venv\Lib\site-packages\urllib3\response.py", line 1434, in read_chunked
    chunk = self._handle_chunk(amt)
  File "D:\Project_LM-client\.venv\Lib\site-packages\urllib3\response.py", line 1373, in _handle_chunk
    returned_chunk = self._fp._safe_read(self.chunk_left)  # type: ignore[union-attr]
  File "C:\Users\Андрюша\AppData\Local\Python\pythoncore-3.14-64\Lib\http\client.py", line 648, in _safe_read
    data = self.fp.read(cursize)
           ^^^^^^^^^^^^
AttributeError: 'NoneType' object has no attribute 'read'
2026-06-28 22:04:43 [ERROR] Неизвестная ошибка: AttributeError: 'NoneType' object has no attribute 'read'
Traceback (most recent call last):
  File "D:\Project_LM-client\Assistant.py", line 112, in run
    for line in self._response.iter_lines(decode_unicode=False):  # ← меняем на False
                ~~~~~~~~~~~~~~~~~~~~~~~~~^^^^^^^^^^^^^^^^^^^^^^
  File "D:\Project_LM-client\.venv\Lib\site-packages\requests\models.py", line 1008, in iter_lines
    for chunk in self.iter_content(
                 ~~~~~~~~~~~~~~~~~^
        chunk_size=chunk_size, decode_unicode=decode_unicode
        ^^^^^^^^^^^^^^^^^^^^^^^^^^^^^^^^^^^^^^^^^^^^^^^^^^^^
    ):
    ^
  File "D:\Project_LM-client\.venv\Lib\site-packages\requests\models.py", line 937, in generate
    yield from self.raw.stream(chunk_size, decode_content=True)
  File "D:\Project_LM-client\.venv\Lib\site-packages\urllib3\response.py", line 1260, in stream
    yield from self.read_chunked(amt, decode_content=decode_content)
  File "D:\Project_LM-client\.venv\Lib\site-packages\urllib3\response.py", line 1434, in read_chunked
    chunk = self._handle_chunk(amt)
  File "D:\Project_LM-client\.venv\Lib\site-packages\urllib3\response.py", line 1373, in _handle_chunk
    returned_chunk = self._fp._safe_read(self.chunk_left)  # type: ignore[union-attr]
  File "C:\Users\Андрюша\AppData\Local\Python\pythoncore-3.14-64\Lib\http\client.py", line 648, in _safe_read
    data = self.fp.read(cursize)
           ^^^^^^^^^^^^
AttributeError: 'NoneType' object has no attribute 'read'
2026-06-29 18:08:10 [ERROR] Критическая ошибка:
Traceback (most recent call last):
  File "D:\Project_LM-client\Assistant.py", line 334, in <module>
    assistant = App()
  File "D:\Project_LM-client\Assistant.py", line 203, in __init__
    self.window = ChatUI(self.config)
                  ~~~~~~^^^^^^^^^^^^^
  File "D:\Project_LM-client\ui.py", line 434, in __init__
    self._create_input_area(main_layout)
    ~~~~~~~~~~~~~~~~~~~~~~~^^^^^^^^^^^^^
  File "D:\Project_LM-client\ui.py", line 478, in _create_input_area
    self.message_input.fileDropped.connect(self._on_file_dropped)
                                           ^^^^^^^^^^^^^^^^^^^^^
AttributeError: 'ChatUI' object has no attribute '_on_file_dropped'

2026-06-29 18:22:41 [ERROR] Критическая ошибка:
Traceback (most recent call last):
  File "D:\Project_LM-client\ui.py", line 1183, in _on_settings_clicked
    dialog = SettingsDialog(current_url, current_key, self)
  File "D:\Project_LM-client\ui.py", line 129, in __init__
    self.tab_widget = QTabWidget()
                      ^^^^^^^^^^
NameError: name 'QTabWidget' is not defined. Did you mean: 'QWidget'?

2026-06-29 18:23:44 [ERROR] Критическая ошибка:
Traceback (most recent call last):
  File "D:\Project_LM-client\ui.py", line 1186, in _on_settings_clicked
    dialog = SettingsDialog(current_url, current_key, self)
  File "D:\Project_LM-client\ui.py", line 470, in __init__
    index = self.persona_combo.findText(current_persona)
TypeError: 'PySide6.QtWidgets.QComboBox.findText' called with wrong argument types:
  PySide6.QtWidgets.QComboBox.findText(ChatUI)
Supported signatures:
  PySide6.QtWidgets.QComboBox.findText(text: str, /, flags: PySide6.QtCore.Qt.MatchFlag = Instance(Qt.MatchFlags(Qt.MatchExactly | Qt.MatchCaseSensitive)))

2026-06-29 18:25:04 [ERROR] Критическая ошибка:
Traceback (most recent call last):
  File "D:\Project_LM-client\ui.py", line 1186, in _on_settings_clicked
    dialog = SettingsDialog(current_url, current_key, current_persona, self)
                                                      ^^^^^^^^^^^^^^^
NameError: name 'current_persona' is not defined

2026-06-29 19:21:01 [ERROR] Критическая ошибка:
Traceback (most recent call last):
  File "D:\Project_LM-client\settings_dialog.py", line 665, in _on_preset_changed
    self.delete_preset_btn.setEnabled(is_preset)
    ~~~~~~~~~~~~~~~~~~~~~~~~~~~~~~~~~^^^^^^^^^^^
TypeError: 'PySide6.QtWidgets.QWidget.setEnabled' called with wrong argument types:
  PySide6.QtWidgets.QWidget.setEnabled(str)
Supported signatures:
  PySide6.QtWidgets.QWidget.setEnabled(arg__1: bool, /)

2026-06-30 08:35:47 [ERROR] Критическая ошибка:
Traceback (most recent call last):
  File "D:\Project_LM-client\settings_dialog.py", line 734, in accept
    self._save_current_as_preset()
    ~~~~~~~~~~~~~~~~~~~~~~~~~~~~^^
  File "D:\Project_LM-client\settings_dialog.py", line 684, in _save_current_as_preset
    f"Обновить пресет '{name}' текущими настройками?",
                        ^^^^
UnboundLocalError: cannot access local variable 'name' where it is not associated with a value

2026-07-13 04:56:05 [ERROR] HTTP 403 от API: {"success": false, "error": "Access denied by security policy."}
2026-07-13 04:58:21 [ERROR] HTTP 403 от API: {"success": false, "error": "Access denied by security policy."}
2026-07-13 04:58:53 [ERROR] HTTP 429 от API: Provider returned error
2026-07-13 05:01:23 [ERROR] Неизвестная ошибка: IndexError: list index out of range
Traceback (most recent call last):
  File "D:\Project_LM-client\Assistant.py", line 165, in run
    delta = data.get("choices", [{}])[0].get("delta", {})
            ~~~~~~~~~~~~~~~~~~~~~~~~~^^^
IndexError: list index out of range
2026-07-13 05:05:16 [ERROR] HTTP 429 от API: Provider returned error
2026-07-13 05:07:30 [ERROR] HTTP 404 от API: No endpoints found that support image input
